// Jest Snapshot v1, https://goo.gl/fbAQLP

exports[`renders correctly 1`] = `
<div
  className="header-container"
>
  <h1
    className="header"
  />
</div>
`;
